42x42
METAL BRICK METAL BRICKx2 METAL GRASS BRICK METAL GRASS BRICK METAL GRASSx3 BRICK GRASS METAL BRICKx2 GRASS METALx4 GRASS BRICKx3 GRASS METAL GRASS BRICK GRASSx3 METALx2 BRICK GRASS METALx2
GRASS BRICK GRASSx2 METALx3 GRASSx2 BRICKx2 METAL GRASSx2 METALx3 BRICK GRASS BRICK GRASS METALx2 BRICK GRASS BRICKx4 GRASS METAL GRASS BRICKx3 GRASS BRICK GRASSx2 BRICK GRASS METAL
GRASSx3 METAL BRICK METAL BRICKx3 GRASS METAL BRICK GRASS BRICK GRASS BRICK GRASS BRICKx2 METAL GRASS METAL BRICKx2 GRASSx2 BRICK METAL GRASS METAL GRASS BRICKx2 METAL BRICKx3 GRASS BRICK METAL BRICK METAL
BRICK METAL BRICK GRASS BRICK GRASS BRICK GRASSx2 BRICK GRASS METAL BRICKx2 GRASS METAL GRASS BRICK METALx2 GRASSx5 METAL GRASSx2 METALx3 BRICKx2 METAL GRASSx4 BRICK METAL BRICKx2
BRICK GRASS METAL BRICKx2 GRASSx2 BRICK GRASS BRICK METAL BRICK GRASS METALx3 GRASS METALx2 BRICK GRASS BRICKx2 GRASS BRICK GRASSx3 BRICK GRASS BRICKx3 METALx3 BRICKx3 METAL GRASS METAL
BRICK METAL GRASS BRICKx2 GRASS BRICK METAL BRICK GRASSx2 BRICKx2 GRASS METAL GRASSx2 BRICK GRASSx3 BRICKx2 GRASSx2 BRICK GRASSx3 METAL BRICK GRASS METALx2 GRASS BRICKx2 METAL GRASSx4
GRASS BRICK METALx2 GRASSx2 BRICK METAL BRICK GRASS METALx3 BRICK GRASS METAL BRICK METALx2 BRICK METAL GRASS BRICK GRASSx2 BRICK METALx2 GRASS METALx2 BRICK METAL BRICKx3 METALx2 GRASS METAL BRICK GRASS
METALx2 GRASS METAL GRASSx2 METALx2 BRICK METALx3 BRICK GRASS METAL GRASSx2 BRICK METAL GRASSx2 BRICKx2 GRASS METALx2 GRASSx2 BRICK GRASS BRICK METAL BRICKx2 GRASS METAL BRICK METAL GRASS BRICK METAL BRICK
BRICKx3 METAL BRICKx2 GRASSx2 BRICKx2 METAL GRASSx2 BRICK METALx2 BRICKx3 METAL BRICK METAL GRASS BRICK METAL GRASS METAL BRICK GRASS METAL BRICK METAL GRASS BRICK GRASS BRICK METALx2 GRASS BRICK GRASS METAL
GRASSx2 METAL GRASS BRICK GRASSx2 METALx3 BRICK GRASS BRICK GRASSx2 BRICKx2 METAL BRICKx3 GRASS METAL GRASS BRICK METALx3 GRASS BRICK METAL BRICK METAL BRICKx2 GRASS BRICK GRASS BRICKx2 METALx2
METAL GRASSx2 METALx2 BRICKx2 GRASSx2 BRICKx2 METAL BRICK METAL BRICKx2 GRASS METAL GRASSx6 BRICK METALx2 GRASS METAL GRASSx4 METAL GRASS BRICK GRASS BRICKx2 METAL BRICKx2
BRICK METAL BRICKx2 METAL GRASS BRICK GRASSx2 BRICK METALx2 GRASS METAL BRICKx2 METAL BRICK METAL GRASS BRICK GRASSx3 BRICKx3 GRASS METAL BRICK GRASS BRICKx2 METAL GRASS BRICKx2 METAL GRASS BRICK GRASSx2
GRASS METAL GRASS BRICKx2 GRASS METAL GRASSx2 BRICKx3 GRASSx2 METALx2 GRASS BRICK GRASSx2 BRICKx2 GRASS BRICK METALx3 GRASSx2 BRICKx2 METALx3 BRICK GRASSx2 BRICKx4 METAL
GRASS METALx2 BRICK METAL BRICK METAL GRASSx3 BRICKx4 METAL GRASSx6 METAL GRASSx3 BRICK GRASS METALx8 BRICK METAL BRICK GRASS METAL GRASS BRICK
GRASS METAL GRASS BRICKx2 GRASS BRICK METAL GRASSx5 BRICK METAL BRICK METALx2 GRASS BRICK METAL GRASS METALx2 BRICK METAL BRICK METAL GRASSx2 METALx3 GRASSx2 METAL GRASSx2 METAL GRASS BRICK GRASS
BRICK METAL GRASS METAL BRICKx2 METAL GRASSx4 METALx2 BRICKx4 METALx2 GRASS BRICKx3 GRASS BRICKx3 GRASS METALx2 BRICK GRASS BRICKx3 GRASSx2 METALx4 BRICK
BRICK GRASSx3 BRICK METAL BRICK METAL BRICK GRASS BRICK GRASS BRICKx3 METAL GRASS BRICK GRASS BRICK GRASS BRICKx2 GRASS BRICK METAL GRASSx2 METAL GRASS METALx3 BRICK GRASS METAL BRICKx3 METAL BRICK METAL
GRASS METALx2 GRASSx2 BRICK GRASS METAL GRASS BRICK GRASS BRICKx2 GRASS METAL BRICKx3 GRASS METAL BRICK METALx2 BRICK METAL BRICK GRASS METALx2 BRICK GRASS BRICK GRASS METAL BRICK METALx3 BRICKx2 METAL GRASS
GRASSx2 METALx2 BRICK METAL GRASS METALx3 GRASS BRICK GRASS METAL GRASS METAL GRASSx2 METALx2 GRASS METAL GRASS METAL BRICK GRASSx2 METAL GRASS BRICK GRASSx3 BRICKx2 METALx2 GRASS METALx4
GRASS BRICKx2 METALx5 GRASS BRICKx2 GRASS BRICK GRASS BRICK GRASS BRICKx2 METALx2 BRICKx2 METALx2 BRICK METAL GRASSx4 BRICK METALx2 GRASS METAL GRASS METALx6
BRICK GRASS METAL BRICKx5 GRASSx2 METAL BRICK METAL BRICKx3 METAL BRICKx3 METAL GRASS BRICK GRASS BRICKx4 METAL GRASS METAL GRASS BRICK GRASS METALx4 BRICKx2 GRASS METAL
BRICK GRASS BRICK METAL GRASSx2 METALx6 GRASS BRICK GRASS METAL GRASS METAL GRASSx2 METAL BRICK GRASS METAL BRICK METALx2 BRICKx2 METAL GRASS METAL GRASSx3 METAL BRICK GRASSx3 BRICK GRASS
GRASS METAL GRASS METAL GRASSx2 BRICK GRASS BRICK GRASS BRICKx3 GRASS BRICK GRASS METALx2 BRICK GRASS METALx4 BRICKx2 GRASS BRICKx2 METALx2 BRICKx2 GRASSx2 METAL GRASSx3 BRICKx3
GRASS METALx2 BRICK METAL GRASSx3 BRICK GRASS METAL BRICK GRASS METAL GRASS BRICK METAL GRASS BRICK METALx2 BRICK GRASSx2 METALx3 GRASSx2 BRICK METAL BRICK GRASS METAL BRICKx2 METAL GRASS METAL BRICK METALx2
BRICK GRASSx2 BRICKx2 METAL BRICKx2 GRASSx3 METAL BRICK GRASSx3 METALx2 GRASSx3 BRICK GRASS METALx2 BRICK GRASSx2 BRICK GRASS BRICK METAL GRASSx2 BRICK GRASS METALx2 GRASS METAL GRASSx2
BRICKx2 METALx2 GRASS BRICK GRASS BRICK METAL BRICK GRASSx2 BRICK METAL GRASS BRICKx3 METAL GRASSx2 METAL BRICK GRASS BRICK METALx4 BRICK GRASSx2 METAL BRICK GRASS METAL BRICK GRASS METALx4
BRICK GRASS BRICKx4 METAL GRASSx2 BRICKx2 GRASS BRICK GRASS BRICK GRASSx2 BRICK GRASS METAL BRICK METAL GRASSx2 BRICK GRASS METALx2 GRASS METAL BRICK GRASSx2 BRICK GRASS METAL GRASS BRICK METAL GRASS BRICK METAL
BRICK GRASS METAL GRASS METALx2 GRASSx4 BRICK METAL BRICK GRASS METAL GRASS METALx2 GRASS METALx3 BRICK METAL BRICK METALx2 GRASSx2 METAL GRASS METAL BRICK GRASS METAL BRICKx2 METAL BRICKx2 GRASSx2
BRICK GRASSx2 METALx3 GRASSx2 BRICK GRASS BRICKx2 METAL GRASSx4 BRICK GRASSx3 METAL GRASSx2 BRICK GRASS METAL GRASSx2 BRICK METAL GRASS METAL GRASS BRICKx4 METAL GRASS BRICKx2
BRICK GRASSx2 METAL BRICK GRASS BRICK GRASS BRICKx2 METALx2 BRICKx4 GRASS BRICK GRASS METAL GRASS BRICK GRASS BRICK GRASS METAL BRICK METALx2 BRICK METAL BRICKx2 METAL GRASS BRICK METAL BRICK METAL GRASS BRICK METAL
METALx3 BRICK METAL BRICK METAL BRICK GRASS BRICKx2 METAL BRICK METALx2 BRICK METAL GRASS BRICKx2 METALx3 GRASS BRICKx2 METAL BRICK METALx2 GRASSx2 BRICK GRASS METALx2 GRASS BRICK METALx2 BRICKx2
GRASS METALx2 GRASS METAL BRICK METAL GRASSx4 BRICK METAL GRASSx3 METAL BRICK GRASS METALx2 BRICKx3 GRASSx2 METAL GRASS BRICK METALx4 BRICK METAL BRICK GRASS BRICKx3 METAL GRASS
BRICK GRASS METAL GRASS METAL GRASS METAL GRASS BRICKx4 GRASS METAL GRASS METAL BRICK METAL BRICK METAL BRICK GRASSx2 BRICK GRASS BRICK GRASS METAL BRICK METAL BRICK METAL GRASS METAL GRASS METAL GRASSx3 BRICKx3
GRASS BRICK GRASS METAL GRASS METALx4 BRICK GRASS BRICK GRASSx3 METAL GRASSx3 METAL BRICK METAL BRICKx2 METAL BRICK GRASS BRICK METAL GRASS BRICK METAL GRASS BRICK GRASS BRICKx3 METAL GRASS METAL GRASS
METAL BRICK GRASS BRICK METALx2 BRICK METAL GRASS BRICKx5 GRASS BRICK GRASSx2 METAL BRICK METAL GRASSx2 BRICKx2 GRASSx2 METAL BRICK METAL BRICKx5 GRASSx2 METAL GRASSx2 BRICK METAL
METAL GRASSx2 METALx3 BRICKx5 GRASS METAL GRASSx3 BRICKx2 METAL BRICK GRASS METAL BRICKx2 GRASS BRICKx4 METALx3 GRASSx2 BRICK METALx3 BRICKx3 GRASS
METALx2 BRICKx2 GRASS BRICK METAL BRICK METAL GRASS BRICKx4 METAL GRASS BRICK GRASSx2 BRICK GRASS BRICK METALx3 GRASS BRICK GRASSx2 METAL GRASSx2 BRICK METAL GRASS METAL BRICK METAL GRASS BRICK GRASS BRICK
BRICK METAL BRICKx2 METALx2 GRASSx4 BRICK GRASS BRICK METAL BRICKx2 GRASS METALx2 BRICK GRASS METAL BRICK GRASS BRICKx2 METAL BRICKx3 GRASS BRICK GRASSx3 BRICK GRASSx3 BRICK GRASSx2
METALx2 BRICK GRASS BRICKx2 METAL BRICKx4 GRASS BRICK GRASS METALx4 BRICKx3 METAL GRASS BRICK GRASSx2 METAL GRASS BRICK GRASS BRICKx3 METAL GRASSx5 METALx2 GRASS
METAL BRICKx2 GRASS BRICK METALx2 BRICKx2 GRASS BRICKx2 GRASSx2 BRICK METAL BRICK GRASS METALx2 GRASS METAL GRASS BRICK GRASS METAL GRASS METAL BRICK METAL GRASS METAL BRICKx3 GRASS METALx2 BRICK METAL GRASS BRICK
METALx3 BRICKx2 GRASS METAL BRICK GRASSx3 METAL GRASS METALx2 BRICKx3 GRASSx2 METAL BRICK GRASS BRICK GRASS BRICK GRASS METALx3 GRASSx2 METAL BRICKx2 GRASSx2 BRICK METALx2 GRASS METAL
BRICKx2 METAL BRICK METALx3 BRICK METAL BRICK METAL BRICK METAL GRASSx2 BRICK GRASS BRICK GRASS BRICKx2 GRASSx2 METALx2 GRASS BRICKx3 METALx2 BRICK METALx5 BRICKx2 METAL GRASS BRICK
